Build started 12/30/2025 5:55:16 PM.
     1>Project "C:\Users\MarkYoung\source\repos\BBI - MDM Workflow\tests\BBIHardwareSupport.MDM.Tests\BBIHardwareSupport.MDM.Tests.csproj" on node 1 (Restore target(s)).
     1>_GetAllRestoreProjectPathItems:
         Determining projects to restore...
       Restore:
         X.509 certificate chain validation will use the default trust store selected by .NET for code signing.
         X.509 certificate chain validation will use the default trust store selected by .NET for timestamping.
         Assets file has not changed. Skipping assets file writing. Path: C:\Users\MarkYoung\source\repos\BBI - MDM Workflow\BBIHardwareSupport.MDM.Core\obj\project.assets.json
         Assets file has not changed. Skipping assets file writing. Path: C:\Users\MarkYoung\source\repos\BBI - MDM Workflow\tests\BBIHardwareSupport.MDM.Tests\obj\project.assets.json
         Restored C:\Users\MarkYoung\source\repos\BBI - MDM Workflow\BBIHardwareSupport.MDM.Core\BBIHardwareSupport.MDM.Core.csproj (in 40 ms).
         Restored C:\Users\MarkYoung\source\repos\BBI - MDM Workflow\tests\BBIHardwareSupport.MDM.Tests\BBIHardwareSupport.MDM.Tests.csproj (in 42 ms).
         
         NuGet Config files used:
             C:\Users\MarkYoung\AppData\Roaming\NuGet\NuGet.Config
             C:\Program Files (x86)\NuGet\Config\Microsoft.VisualStudio.FallbackLocation.config
             C:\Program Files (x86)\NuGet\Config\Microsoft.VisualStudio.Offline.config
         
         Feeds used:
             https://api.nuget.org/v3/index.json
             C:\Program Files (x86)\Microsoft SDKs\NuGetPackages\
             C:\Program Files\dotnet\library-packs
         All projects are up-to-date for restore.
     1>Done Building Project "C:\Users\MarkYoung\source\repos\BBI - MDM Workflow\tests\BBIHardwareSupport.MDM.Tests\BBIHardwareSupport.MDM.Tests.csproj" (Restore target(s)).
   1:7>Project "C:\Users\MarkYoung\source\repos\BBI - MDM Workflow\tests\BBIHardwareSupport.MDM.Tests\BBIHardwareSupport.MDM.Tests.csproj" on node 1 (VSTest target(s)).
     1>BuildProject:
         Build started, please wait...
   1:7>Project "C:\Users\MarkYoung\source\repos\BBI - MDM Workflow\tests\BBIHardwareSupport.MDM.Tests\BBIHardwareSupport.MDM.Tests.csproj" (1:7) is building "C:\Users\MarkYoung\source\repos\BBI - MDM Workflow\tests\BBIHardwareSupport.MDM.Tests\BBIHardwareSupport.MDM.Tests.csproj" (1:8) on node 1 (default targets).
   1:8>Project "C:\Users\MarkYoung\source\repos\BBI - MDM Workflow\tests\BBIHardwareSupport.MDM.Tests\BBIHardwareSupport.MDM.Tests.csproj" (1:8) is building "C:\Users\MarkYoung\source\repos\BBI - MDM Workflow\BBIHardwareSupport.MDM.Core\BBIHardwareSupport.MDM.Core.csproj" (2:6) on node 1 (default targets).
     2>GenerateTargetFrameworkMonikerAttribute:
       Skipping target "GenerateTargetFrameworkMonikerAttribute" because all output files are up-to-date with respect to the input files.
       CoreGenerateAssemblyInfo:
       Skipping target "CoreGenerateAssemblyInfo" because all output files are up-to-date with respect to the input files.
       _GenerateSourceLinkFile:
         Source Link file 'obj\Debug\net8.0\BBIHardwareSupport.MDM.Core.sourcelink.json' is up-to-date.
       CoreCompile:
       Skipping target "CoreCompile" because all output files are up-to-date with respect to the input files.
       CopyFilesToOutputDirectory:
         BBIHardwareSupport.MDM.Core -> C:\Users\MarkYoung\source\repos\BBI - MDM Workflow\BBIHardwareSupport.MDM.Core\bin\Debug\net8.0\BBIHardwareSupport.MDM.Core.dll
     2>Done Building Project "C:\Users\MarkYoung\source\repos\BBI - MDM Workflow\BBIHardwareSupport.MDM.Core\BBIHardwareSupport.MDM.Core.csproj" (default targets).
     1>GenerateTargetFrameworkMonikerAttribute:
       Skipping target "GenerateTargetFrameworkMonikerAttribute" because all output files are up-to-date with respect to the input files.
       CoreGenerateAssemblyInfo:
       Skipping target "CoreGenerateAssemblyInfo" because all output files are up-to-date with respect to the input files.
       _GenerateSourceLinkFile:
         Source Link file 'obj\Debug\net8.0\BBIHardwareSupport.MDM.Tests.sourcelink.json' is up-to-date.
       CoreCompile:
         C:\Program Files\dotnet\dotnet.exe exec "C:\Program Files\dotnet\sdk\8.0.416\Roslyn\bincore\csc.dll" /noconfig /unsafe- /checked- /nowarn:1701,1702,1701,1702 /fullpaths /nostdlib+ /errorreport:prompt /warn:8 /define:TRACE;DEBUG;NET;NET8_0;NETCOREAPP;NET5_0_OR_GREATER;NET6_0_OR_GREATER;NET7_0_OR_GREATER;NET8_0_OR_GREATER;NETCOREAPP1_0_OR_GREATER;NETCOREAPP1_1_OR_GREATER;NETCOREAPP2_0_OR_GREATER;NETCOREAPP2_1_OR_GREATER;NETCOREAPP2_2_OR_GREATER;NETCOREAPP3_0_OR_GREATER;NETCOREAPP3_1_OR_GREATER /preferreduilang:en-US /highentropyva+ /nullable:enable /reference:"C:\Users\MarkYoung\source\repos\BBI - MDM Workflow\BBIHardwareSupport.MDM.Core\obj\Debug\net8.0\ref\BBIHardwareSupport.MDM.Core.dll" /reference:C:\Users\MarkYoung\.nuget\packages\castle.core\5.1.1\lib\net6.0\Castle.Core.dll /reference:C:\Users\MarkYoung\.nuget\packages\fluentassertions\8.8.0\lib\net6.0\FluentAssertions.dll /reference:"C:\Program Files\dotnet\packs\Microsoft.NETCore.App.Ref\8.0.22\ref\net8.0\Microsoft.CSharp.dll" /reference:C:\Users\MarkYoung\.nuget\packages\microsoft.extensions.dependencyinjection.abstractions\10.0.1\lib\net8.0\Microsoft.Extensions.DependencyInjection.Abstractions.dll /reference:C:\Users\MarkYoung\.nuget\packages\microsoft.extensions.logging.abstractions\10.0.1\lib\net8.0\Microsoft.Extensions.Logging.Abstractions.dll /reference:C:\Users\MarkYoung\.nuget\packages\microsoft.testplatform.testhost\17.8.0\lib\netcoreapp3.1\Microsoft.TestPlatform.CommunicationUtilities.dll /reference:C:\Users\MarkYoung\.nuget\packages\microsoft.testplatform.testhost\17.8.0\lib\netcoreapp3.1\Microsoft.TestPlatform.CoreUtilities.dll /reference:C:\Users\MarkYoung\.nuget\packages\microsoft.testplatform.testhost\17.8.0\lib\netcoreapp3.1\Microsoft.TestPlatform.CrossPlatEngine.dll /reference:C:\Users\MarkYoung\.nuget\packages\microsoft.testplatform.testhost\17.8.0\lib\netcoreapp3.1\Microsoft.TestPlatform.PlatformAbstractions.dll /reference:C:\Users\MarkYoung\.nuget\packages\microsoft.testplatform.testhost\17.8.0\lib\netcoreapp3.1\Microsoft.TestPlatform.Utilities.dll /reference:"C:\Program Files\dotnet\packs\Microsoft.NETCore.App.Ref\8.0.22\ref\net8.0\Microsoft.VisualBasic.Core.dll" /reference:"C:\Program Files\dotnet\packs\Microsoft.NETCore.App.Ref\8.0.22\ref\net8.0\Microsoft.VisualBasic.dll" /reference:C:\Users\MarkYoung\.nuget\packages\microsoft.codecoverage\17.8.0\lib\netcoreapp3.1\Microsoft.VisualStudio.CodeCoverage.Shim.dll /reference:C:\Users\MarkYoung\.nuget\packages\microsoft.testplatform.testhost\17.8.0\lib\netcoreapp3.1\Microsoft.VisualStudio.TestPlatform.Common.dll /reference:C:\Users\MarkYoung\.nuget\packages\microsoft.testplatform.testhost\17.8.0\lib\netcoreapp3.1\Microsoft.VisualStudio.TestPlatform.ObjectModel.dll /reference:"C:\Program Files\dotnet\packs\Microsoft.NETCore.App.Ref\8.0.22\ref\net8.0\Microsoft.Win32.Primitives.dll" /reference:"C:\Program Files\dotnet\packs\Microsoft.NETCore.App.Ref\8.0.22\ref\net8.0\Microsoft.Win32.Registry.dll" /reference:C:\Users\MarkYoung\.nuget\packages\moq\4.20.72\lib\net6.0\Moq.dll /reference:"C:\Program Files\dotnet\packs\Microsoft.NETCore.App.Ref\8.0.22\ref\net8.0\mscorlib.dll" /reference:"C:\Program Files\dotnet\packs\Microsoft.NETCore.App.Ref\8.0.22\ref\net8.0\netstandard.dll" /reference:C:\Users\MarkYoung\.nuget\packages\newtonsoft.json\13.0.3\lib\net6.0\Newtonsoft.Json.dll /reference:C:\Users\MarkYoung\.nuget\packages\nuget.frameworks\6.5.0\lib\netstandard2.0\NuGet.Frameworks.dll /reference:"C:\Program Files\dotnet\packs\Microsoft.NETCore.App.Ref\8.0.22\ref\net8.0\System.AppContext.dll" /reference:"C:\Program Files\dotnet\packs\Microsoft.NETCore.App.Ref\8.0.22\ref\net8.0\System.Buffers.dll" /reference:"C:\Program Files\dotnet\packs\Microsoft.NETCore.App.Ref\8.0.22\ref\net8.0\System.Collections.Concurrent.dll" /reference:"C:\Program Files\dotnet\packs\Microsoft.NETCore.App.Ref\8.0.22\ref\net8.0\System.Collections.dll" /reference:"C:\Program Files\dotnet\packs\Microsoft.NETCore.App.Ref\8.0.22\ref\net8.0\System.Collections.Immutable.dll" /reference:"C:\Program Files\dotnet\packs\Microsoft.NETCore.App.Ref\8.0.22\ref\net8.0\System.Collections.NonGeneric.dll" /reference:"C:\Program Files\dotnet\packs\Microsoft.NETCore.App.Ref\8.0.22\ref\net8.0\System.Collections.Specialized.dll" /reference:"C:\Program Files\dotnet\packs\Microsoft.NETCore.App.Ref\8.0.22\ref\net8.0\System.ComponentModel.Annotations.dll" /reference:"C:\Program Files\dotnet\packs\Microsoft.NETCore.App.Ref\8.0.22\ref\net8.0\System.ComponentModel.DataAnnotations.dll" /reference:"C:\Program Files\dotnet\packs\Microsoft.NETCore.App.Ref\8.0.22\ref\net8.0\System.ComponentModel.dll" /reference:"C:\Program Files\dotnet\packs\Microsoft.NETCore.App.Ref\8.0.22\ref\net8.0\System.ComponentModel.EventBasedAsync.dll" /reference:"C:\Program Files\dotnet\packs\Microsoft.NETCore.App.Ref\8.0.22\ref\net8.0\System.ComponentModel.Primitives.dll" /reference:"C:\Program Files\dotnet\packs\Microsoft.NETCore.App.Ref\8.0.22\ref\net8.0\System.ComponentModel.TypeConverter.dll" /reference:"C:\Program Files\dotnet\packs\Microsoft.NETCore.App.Ref\8.0.22\ref\net8.0\System.Configuration.dll" /reference:"C:\Program Files\dotnet\packs\Microsoft.NETCore.App.Ref\8.0.22\ref\net8.0\System.Console.dll" /reference:"C:\Program Files\dotnet\packs\Microsoft.NETCore.App.Ref\8.0.22\ref\net8.0\System.Core.dll" /reference:"C:\Program Files\dotnet\packs\Microsoft.NETCore.App.Ref\8.0.22\ref\net8.0\System.Data.Common.dll" /reference:"C:\Program Files\dotnet\packs\Microsoft.NETCore.App.Ref\8.0.22\ref\net8.0\System.Data.DataSetExtensions.dll" /reference:"C:\Program Files\dotnet\packs\Microsoft.NETCore.App.Ref\8.0.22\ref\net8.0\System.Data.dll" /reference:"C:\Program Files\dotnet\packs\Microsoft.NETCore.App.Ref\8.0.22\ref\net8.0\System.Diagnostics.Contracts.dll" /reference:"C:\Program Files\dotnet\packs\Microsoft.NETCore.App.Ref\8.0.22\ref\net8.0\System.Diagnostics.Debug.dll" /reference:C:\Users\MarkYoung\.nuget\packages\system.diagnostics.diagnosticsource\10.0.1\lib\net8.0\System.Diagnostics.DiagnosticSource.dll /reference:C:\Users\MarkYoung\.nuget\packages\system.diagnostics.eventlog\6.0.0\lib\net6.0\System.Diagnostics.EventLog.dll /reference:"C:\Program Files\dotnet\packs\Microsoft.NETCore.App.Ref\8.0.22\ref\net8.0\System.Diagnostics.FileVersionInfo.dll" /reference:"C:\Program Files\dotnet\packs\Microsoft.NETCore.App.Ref\8.0.22\ref\net8.0\System.Diagnostics.Process.dll" /reference:"C:\Program Files\dotnet\packs\Microsoft.NETCore.App.Ref\8.0.22\ref\net8.0\System.Diagnostics.StackTrace.dll" /reference:"C:\Program Files\dotnet\packs\Microsoft.NETCore.App.Ref\8.0.22\ref\net8.0\System.Diagnostics.TextWriterTraceListener.dll" /reference:"C:\Program Files\dotnet\packs\Microsoft.NETCore.App.Ref\8.0.22\ref\net8.0\System.Diagnostics.Tools.dll" /reference:"C:\Program Files\dotnet\packs\Microsoft.NETCore.App.Ref\8.0.22\ref\net8.0\System.Diagnostics.TraceSource.dll" /reference:"C:\Program Files\dotnet\packs\Microsoft.NETCore.App.Ref\8.0.22\ref\net8.0\System.Diagnostics.Tracing.dll" /reference:"C:\Program Files\dotnet\packs\Microsoft.NETCore.App.Ref\8.0.22\ref\net8.0\System.dll" /reference:"C:\Program Files\dotnet\packs\Microsoft.NETCore.App.Ref\8.0.22\ref\net8.0\System.Drawing.dll" /reference:"C:\Program Files\dotnet\packs\Microsoft.NETCore.App.Ref\8.0.22\ref\net8.0\System.Drawing.Primitives.dll" /reference:"C:\Program Files\dotnet\packs\Microsoft.NETCore.App.Ref\8.0.22\ref\net8.0\System.Dynamic.Runtime.dll" /reference:"C:\Program Files\dotnet\packs\Microsoft.NETCore.App.Ref\8.0.22\ref\net8.0\System.Formats.Asn1.dll" /reference:"C:\Program Files\dotnet\packs\Microsoft.NETCore.App.Ref\8.0.22\ref\net8.0\System.Formats.Tar.dll" /reference:"C:\Program Files\dotnet\packs\Microsoft.NETCore.App.Ref\8.0.22\ref\net8.0\System.Globalization.Calendars.dll" /reference:"C:\Program Files\dotnet\packs\Microsoft.NETCore.App.Ref\8.0.22\ref\net8.0\System.Globalization.dll" /reference:"C:\Program Files\dotnet\packs\Microsoft.NETCore.App.Ref\8.0.22\ref\net8.0\System.Globalization.Extensions.dll" /reference:"C:\Program Files\dotnet\packs\Microsoft.NETCore.App.Ref\8.0.22\ref\net8.0\System.IO.Compression.Brotli.dll" /reference:"C:\Program Files\dotnet\packs\Microsoft.NETCore.App.Ref\8.0.22\ref\net8.0\System.IO.Compression.dll" /reference:"C:\Program Files\dotnet\packs\Microsoft.NETCore.App.Ref\8.0.22\ref\net8.0\System.IO.Compression.FileSystem.dll" /reference:"C:\Program Files\dotnet\packs\Microsoft.NETCore.App.Ref\8.0.22\ref\net8.0\System.IO.Compression.ZipFile.dll" /reference:"C:\Program Files\dotnet\packs\Microsoft.NETCore.App.Ref\8.0.22\ref\net8.0\System.IO.dll" /reference:"C:\Program Files\dotnet\packs\Microsoft.NETCore.App.Ref\8.0.22\ref\net8.0\System.IO.FileSystem.AccessControl.dll" /reference:"C:\Program Files\dotnet\packs\Microsoft.NETCore.App.Ref\8.0.22\ref\net8.0\System.IO.FileSystem.dll" /reference:"C:\Program Files\dotnet\packs\Microsoft.NETCore.App.Ref\8.0.22\ref\net8.0\System.IO.FileSystem.DriveInfo.dll" /reference:"C:\Program Files\dotnet\packs\Microsoft.NETCore.App.Ref\8.0.22\ref\net8.0\System.IO.FileSystem.Primitives.dll" /reference:"C:\Program Files\dotnet\packs\Microsoft.NETCore.App.Ref\8.0.22\ref\net8.0\System.IO.FileSystem.Watcher.dll" /reference:"C:\Program Files\dotnet\packs\Microsoft.NETCore.App.Ref\8.0.22\ref\net8.0\System.IO.IsolatedStorage.dll" /reference:"C:\Program Files\dotnet\packs\Microsoft.NETCore.App.Ref\8.0.22\ref\net8.0\System.IO.MemoryMappedFiles.dll" /reference:"C:\Program Files\dotnet\packs\Microsoft.NETCore.App.Ref\8.0.22\ref\net8.0\System.IO.Pipes.AccessControl.dll" /reference:"C:\Program Files\dotnet\packs\Microsoft.NETCore.App.Ref\8.0.22\ref\net8.0\System.IO.Pipes.dll" /reference:"C:\Program Files\dotnet\packs\Microsoft.NETCore.App.Ref\8.0.22\ref\net8.0\System.IO.UnmanagedMemoryStream.dll" /reference:"C:\Program Files\dotnet\packs\Microsoft.NETCore.App.Ref\8.0.22\ref\net8.0\System.Linq.dll" /reference:"C:\Program Files\dotnet\packs\Microsoft.NETCore.App.Ref\8.0.22\ref\net8.0\System.Linq.Expressions.dll" /reference:"C:\Program Files\dotnet\packs\Microsoft.NETCore.App.Ref\8.0.22\ref\net8.0\System.Linq.Parallel.dll" /reference:"C:\Program Files\dotnet\packs\Microsoft.NETCore.App.Ref\8.0.22\ref\net8.0\System.Linq.Queryable.dll" /reference:"C:\Program Files\dotnet\packs\Microsoft.NETCore.App.Ref\8.0.22\ref\net8.0\System.Memory.dll" /reference:"C:\Program Files\dotnet\packs\Microsoft.NETCore.App.Ref\8.0.22\ref\net8.0\System.Net.dll" /reference:"C:\Program Files\dotnet\packs\Microsoft.NETCore.App.Ref\8.0.22\ref\net8.0\System.Net.Http.dll" /reference:"C:\Program Files\dotnet\packs\Microsoft.NETCore.App.Ref\8.0.22\ref\net8.0\System.Net.Http.Json.dll" /reference:"C:\Program Files\dotnet\packs\Microsoft.NETCore.App.Ref\8.0.22\ref\net8.0\System.Net.HttpListener.dll" /reference:"C:\Program Files\dotnet\packs\Microsoft.NETCore.App.Ref\8.0.22\ref\net8.0\System.Net.Mail.dll" /reference:"C:\Program Files\dotnet\packs\Microsoft.NETCore.App.Ref\8.0.22\ref\net8.0\System.Net.NameResolution.dll" /reference:"C:\Program Files\dotnet\packs\Microsoft.NETCore.App.Ref\8.0.22\ref\net8.0\System.Net.NetworkInformation.dll" /reference:"C:\Program Files\dotnet\packs\Microsoft.NETCore.App.Ref\8.0.22\ref\net8.0\System.Net.Ping.dll" /reference:"C:\Program Files\dotnet\packs\Microsoft.NETCore.App.Ref\8.0.22\ref\net8.0\System.Net.Primitives.dll" /reference:"C:\Program Files\dotnet\packs\Microsoft.NETCore.App.Ref\8.0.22\ref\net8.0\System.Net.Quic.dll" /reference:"C:\Program Files\dotnet\packs\Microsoft.NETCore.App.Ref\8.0.22\ref\net8.0\System.Net.Requests.dll" /reference:"C:\Program Files\dotnet\packs\Microsoft.NETCore.App.Ref\8.0.22\ref\net8.0\System.Net.Security.dll" /reference:"C:\Program Files\dotnet\packs\Microsoft.NETCore.App.Ref\8.0.22\ref\net8.0\System.Net.ServicePoint.dll" /reference:"C:\Program Files\dotnet\packs\Microsoft.NETCore.App.Ref\8.0.22\ref\net8.0\System.Net.Sockets.dll" /reference:"C:\Program Files\dotnet\packs\Microsoft.NETCore.App.Ref\8.0.22\ref\net8.0\System.Net.WebClient.dll" /reference:"C:\Program Files\dotnet\packs\Microsoft.NETCore.App.Ref\8.0.22\ref\net8.0\System.Net.WebHeaderCollection.dll" /reference:"C:\Program Files\dotnet\packs\Microsoft.NETCore.App.Ref\8.0.22\ref\net8.0\System.Net.WebProxy.dll" /reference:"C:\Program Files\dotnet\packs\Microsoft.NETCore.App.Ref\8.0.22\ref\net8.0\System.Net.WebSockets.Client.dll" /reference:"C:\Program Files\dotnet\packs\Microsoft.NETCore.App.Ref\8.0.22\ref\net8.0\System.Net.WebSockets.dll" /reference:"C:\Program Files\dotnet\packs\Microsoft.NETCore.App.Ref\8.0.22\ref\net8.0\System.Numerics.dll" /reference:"C:\Program Files\dotnet\packs\Microsoft.NETCore.App.Ref\8.0.22\ref\net8.0\System.Numerics.Vectors.dll" /reference:"C:\Program Files\dotnet\packs\Microsoft.NETCore.App.Ref\8.0.22\ref\net8.0\System.ObjectModel.dll" /reference:"C:\Program Files\dotnet\packs\Microsoft.NETCore.App.Ref\8.0.22\ref\net8.0\System.Reflection.DispatchProxy.dll" /reference:"C:\Program Files\dotnet\packs\Microsoft.NETCore.App.Ref\8.0.22\ref\net8.0\System.Reflection.dll" /reference:"C:\Program Files\dotnet\packs\Microsoft.NETCore.App.Ref\8.0.22\ref\net8.0\System.Reflection.Emit.dll" /reference:"C:\Program Files\dotnet\packs\Microsoft.NETCore.App.Ref\8.0.22\ref\net8.0\System.Reflection.Emit.ILGeneration.dll" /reference:"C:\Program Files\dotnet\packs\Microsoft.NETCore.App.Ref\8.0.22\ref\net8.0\System.Reflection.Emit.Lightweight.dll" /reference:"C:\Program Files\dotnet\packs\Microsoft.NETCore.App.Ref\8.0.22\ref\net8.0\System.Reflection.Extensions.dll" /reference:"C:\Program Files\dotnet\packs\Microsoft.NETCore.App.Ref\8.0.22\ref\net8.0\System.Reflection.Metadata.dll" /reference:"C:\Program Files\dotnet\packs\Microsoft.NETCore.App.Ref\8.0.22\ref\net8.0\System.Reflection.Primitives.dll" /reference:"C:\Program Files\dotnet\packs\Microsoft.NETCore.App.Ref\8.0.22\ref\net8.0\System.Reflection.TypeExtensions.dll" /reference:"C:\Program Files\dotnet\packs\Microsoft.NETCore.App.Ref\8.0.22\ref\net8.0\System.Resources.Reader.dll" /reference:"C:\Program Files\dotnet\packs\Microsoft.NETCore.App.Ref\8.0.22\ref\net8.0\System.Resources.ResourceManager.dll" /reference:"C:\Program Files\dotnet\packs\Microsoft.NETCore.App.Ref\8.0.22\ref\net8.0\System.Resources.Writer.dll" /reference:"C:\Program Files\dotnet\packs\Microsoft.NETCore.App.Ref\8.0.22\ref\net8.0\System.Runtime.CompilerServices.Unsafe.dll" /reference:"C:\Program Files\dotnet\packs\Microsoft.NETCore.App.Ref\8.0.22\ref\net8.0\System.Runtime.CompilerServices.VisualC.dll" /reference:"C:\Program Files\dotnet\packs\Microsoft.NETCore.App.Ref\8.0.22\ref\net8.0\System.Runtime.dll" /reference:"C:\Program Files\dotnet\packs\Microsoft.NETCore.App.Ref\8.0.22\ref\net8.0\System.Runtime.Extensions.dll" /reference:"C:\Program Files\dotnet\packs\Microsoft.NETCore.App.Ref\8.0.22\ref\net8.0\System.Runtime.Handles.dll" /reference:"C:\Program Files\dotnet\packs\Microsoft.NETCore.App.Ref\8.0.22\ref\net8.0\System.Runtime.InteropServices.dll" /reference:"C:\Program Files\dotnet\packs\Microsoft.NETCore.App.Ref\8.0.22\ref\net8.0\System.Runtime.InteropServices.JavaScript.dll" /reference:"C:\Program Files\dotnet\packs\Microsoft.NETCore.App.Ref\8.0.22\ref\net8.0\System.Runtime.InteropServices.RuntimeInformation.dll" /reference:"C:\Program Files\dotnet\packs\Microsoft.NETCore.App.Ref\8.0.22\ref\net8.0\System.Runtime.Intrinsics.dll" /reference:"C:\Program Files\dotnet\packs\Microsoft.NETCore.App.Ref\8.0.22\ref\net8.0\System.Runtime.Loader.dll" /reference:"C:\Program Files\dotnet\packs\Microsoft.NETCore.App.Ref\8.0.22\ref\net8.0\System.Runtime.Numerics.dll" /reference:"C:\Program Files\dotnet\packs\Microsoft.NETCore.App.Ref\8.0.22\ref\net8.0\System.Runtime.Serialization.dll" /reference:"C:\Program Files\dotnet\packs\Microsoft.NETCore.App.Ref\8.0.22\ref\net8.0\System.Runtime.Serialization.Formatters.dll" /reference:"C:\Program Files\dotnet\packs\Microsoft.NETCore.App.Ref\8.0.22\ref\net8.0\System.Runtime.Serialization.Json.dll" /reference:"C:\Program Files\dotnet\packs\Microsoft.NETCore.App.Ref\8.0.22\ref\net8.0\System.Runtime.Serialization.Primitives.dll" /reference:"C:\Program Files\dotnet\packs\Microsoft.NETCore.App.Ref\8.0.22\ref\net8.0\System.Runtime.Serialization.Xml.dll" /reference:"C:\Program Files\dotnet\packs\Microsoft.NETCore.App.Ref\8.0.22\ref\net8.0\System.Security.AccessControl.dll" /reference:"C:\Program Files\dotnet\packs\Microsoft.NETCore.App.Ref\8.0.22\ref\net8.0\System.Security.Claims.dll" /reference:"C:\Program Files\dotnet\packs\Microsoft.NETCore.App.Ref\8.0.22\ref\net8.0\System.Security.Cryptography.Algorithms.dll" /reference:"C:\Program Files\dotnet\packs\Microsoft.NETCore.App.Ref\8.0.22\ref\net8.0\System.Security.Cryptography.Cng.dll" /reference:"C:\Program Files\dotnet\packs\Microsoft.NETCore.App.Ref\8.0.22\ref\net8.0\System.Security.Cryptography.Csp.dll" /reference:"C:\Program Files\dotnet\packs\Microsoft.NETCore.App.Ref\8.0.22\ref\net8.0\System.Security.Cryptography.dll" /reference:"C:\Program Files\dotnet\packs\Microsoft.NETCore.App.Ref\8.0.22\ref\net8.0\System.Security.Cryptography.Encoding.dll" /reference:"C:\Program Files\dotnet\packs\Microsoft.NETCore.App.Ref\8.0.22\ref\net8.0\System.Security.Cryptography.OpenSsl.dll" /reference:"C:\Program Files\dotnet\packs\Microsoft.NETCore.App.Ref\8.0.22\ref\net8.0\System.Security.Cryptography.Primitives.dll" /reference:"C:\Program Files\dotnet\packs\Microsoft.NETCore.App.Ref\8.0.22\ref\net8.0\System.Security.Cryptography.X509Certificates.dll" /reference:"C:\Program Files\dotnet\packs\Microsoft.NETCore.App.Ref\8.0.22\ref\net8.0\System.Security.dll" /reference:"C:\Program Files\dotnet\packs\Microsoft.NETCore.App.Ref\8.0.22\ref\net8.0\System.Security.Principal.dll" /reference:"C:\Program Files\dotnet\packs\Microsoft.NETCore.App.Ref\8.0.22\ref\net8.0\System.Security.Principal.Windows.dll" /reference:"C:\Program Files\dotnet\packs\Microsoft.NETCore.App.Ref\8.0.22\ref\net8.0\System.Security.SecureString.dll" /reference:"C:\Program Files\dotnet\packs\Microsoft.NETCore.App.Ref\8.0.22\ref\net8.0\System.ServiceModel.Web.dll" /reference:"C:\Program Files\dotnet\packs\Microsoft.NETCore.App.Ref\8.0.22\ref\net8.0\System.ServiceProcess.dll" /reference:"C:\Program Files\dotnet\packs\Microsoft.NETCore.App.Ref\8.0.22\ref\net8.0\System.Text.Encoding.CodePages.dll" /reference:"C:\Program Files\dotnet\packs\Microsoft.NETCore.App.Ref\8.0.22\ref\net8.0\System.Text.Encoding.dll" /reference:"C:\Program Files\dotnet\packs\Microsoft.NETCore.App.Ref\8.0.22\ref\net8.0\System.Text.Encoding.Extensions.dll" /reference:"C:\Program Files\dotnet\packs\Microsoft.NETCore.App.Ref\8.0.22\ref\net8.0\System.Text.Encodings.Web.dll" /reference:"C:\Program Files\dotnet\packs\Microsoft.NETCore.App.Ref\8.0.22\ref\net8.0\System.Text.Json.dll" /reference:"C:\Program Files\dotnet\packs\Microsoft.NETCore.App.Ref\8.0.22\ref\net8.0\System.Text.RegularExpressions.dll" /reference:"C:\Program Files\dotnet\packs\Microsoft.NETCore.App.Ref\8.0.22\ref\net8.0\System.Threading.Channels.dll" /reference:"C:\Program Files\dotnet\packs\Microsoft.NETCore.App.Ref\8.0.22\ref\net8.0\System.Threading.dll" /reference:"C:\Program Files\dotnet\packs\Microsoft.NETCore.App.Ref\8.0.22\ref\net8.0\System.Threading.Overlapped.dll" /reference:"C:\Program Files\dotnet\packs\Microsoft.NETCore.App.Ref\8.0.22\ref\net8.0\System.Threading.Tasks.Dataflow.dll" /reference:"C:\Program Files\dotnet\packs\Microsoft.NETCore.App.Ref\8.0.22\ref\net8.0\System.Threading.Tasks.dll" /reference:"C:\Program Files\dotnet\packs\Microsoft.NETCore.App.Ref\8.0.22\ref\net8.0\System.Threading.Tasks.Extensions.dll" /reference:"C:\Program Files\dotnet\packs\Microsoft.NETCore.App.Ref\8.0.22\ref\net8.0\System.Threading.Tasks.Parallel.dll" /reference:"C:\Program Files\dotnet\packs\Microsoft.NETCore.App.Ref\8.0.22\ref\net8.0\System.Threading.Thread.dll" /reference:"C:\Program Files\dotnet\packs\Microsoft.NETCore.App.Ref\8.0.22\ref\net8.0\System.Threading.ThreadPool.dll" /reference:"C:\Program Files\dotnet\packs\Microsoft.NETCore.App.Ref\8.0.22\ref\net8.0\System.Threading.Timer.dll" /reference:"C:\Program Files\dotnet\packs\Microsoft.NETCore.App.Ref\8.0.22\ref\net8.0\System.Transactions.dll" /reference:"C:\Program Files\dotnet\packs\Microsoft.NETCore.App.Ref\8.0.22\ref\net8.0\System.Transactions.Local.dll" /reference:"C:\Program Files\dotnet\packs\Microsoft.NETCore.App.Ref\8.0.22\ref\net8.0\System.ValueTuple.dll" /reference:"C:\Program Files\dotnet\packs\Microsoft.NETCore.App.Ref\8.0.22\ref\net8.0\System.Web.dll" /reference:"C:\Program Files\dotnet\packs\Microsoft.NETCore.App.Ref\8.0.22\ref\net8.0\System.Web.HttpUtility.dll" /reference:"C:\Program Files\dotnet\packs\Microsoft.NETCore.App.Ref\8.0.22\ref\net8.0\System.Windows.dll" /reference:"C:\Program Files\dotnet\packs\Microsoft.NETCore.App.Ref\8.0.22\ref\net8.0\System.Xml.dll" /reference:"C:\Program Files\dotnet\packs\Microsoft.NETCore.App.Ref\8.0.22\ref\net8.0\System.Xml.Linq.dll" /reference:"C:\Program Files\dotnet\packs\Microsoft.NETCore.App.Ref\8.0.22\ref\net8.0\System.Xml.ReaderWriter.dll" /reference:"C:\Program Files\dotnet\packs\Microsoft.NETCore.App.Ref\8.0.22\ref\net8.0\System.Xml.Serialization.dll" /reference:"C:\Program Files\dotnet\packs\Microsoft.NETCore.App.Ref\8.0.22\ref\net8.0\System.Xml.XDocument.dll" /reference:"C:\Program Files\dotnet\packs\Microsoft.NETCore.App.Ref\8.0.22\ref\net8.0\System.Xml.XmlDocument.dll" /reference:"C:\Program Files\dotnet\packs\Microsoft.NETCore.App.Ref\8.0.22\ref\net8.0\System.Xml.XmlSerializer.dll" /reference:"C:\Program Files\dotnet\packs\Microsoft.NETCore.App.Ref\8.0.22\ref\net8.0\System.Xml.XPath.dll" /reference:"C:\Program Files\dotnet\packs\Microsoft.NETCore.App.Ref\8.0.22\ref\net8.0\System.Xml.XPath.XDocument.dll" /reference:C:\Users\MarkYoung\.nuget\packages\microsoft.testplatform.testhost\17.8.0\lib\netcoreapp3.1\testhost.dll /reference:"C:\Program Files\dotnet\packs\Microsoft.NETCore.App.Ref\8.0.22\ref\net8.0\WindowsBase.dll" /reference:C:\Users\MarkYoung\.nuget\packages\xunit.abstractions\2.0.3\lib\netstandard2.0\xunit.abstractions.dll /reference:C:\Users\MarkYoung\.nuget\packages\xunit.assert\2.5.3\lib\netstandard1.1\xunit.assert.dll /reference:C:\Users\MarkYoung\.nuget\packages\xunit.extensibility.core\2.5.3\lib\netstandard1.1\xunit.core.dll /reference:C:\Users\MarkYoung\.nuget\packages\xunit.extensibility.execution\2.5.3\lib\netstandard1.1\xunit.execution.dotnet.dll /debug+ /debug:portable /filealign:512 /optimize- /out:obj\Debug\net8.0\BBIHardwareSupport.MDM.Tests.dll /refout:obj\Debug\net8.0\refint\BBIHardwareSupport.MDM.Tests.dll /target:exe /warnaserror- /utf8output /deterministic+ /sourcelink:obj\Debug\net8.0\BBIHardwareSupport.MDM.Tests.sourcelink.json /langversion:12.0 /embed:C:\Users\MarkYoung\.nuget\packages\microsoft.net.test.sdk\17.8.0\build\netcoreapp3.1\Microsoft.NET.Test.Sdk.Program.cs /embed:obj\Debug\net8.0\BBIHardwareSupport.MDM.Tests.GlobalUsings.g.cs /embed:"obj\Debug\net8.0\.NETCoreApp,Version=v8.0.AssemblyAttributes.cs" /embed:obj\Debug\net8.0\BBIHardwareSupport.MDM.Tests.AssemblyInfo.cs /analyzerconfig:obj\Debug\net8.0\BBIHardwareSupport.MDM.Tests.GeneratedMSBuildEditorConfig.editorconfig /analyzerconfig:"C:\Program Files\dotnet\sdk\8.0.416\Sdks\Microsoft.NET.Sdk\analyzers\build\config\analysislevel_8_default.globalconfig" /analyzer:"C:\Program Files\dotnet\sdk\8.0.416\Sdks\Microsoft.NET.Sdk\targets\..\analyzers\Microsoft.CodeAnalysis.CSharp.NetAnalyzers.dll" /analyzer:"C:\Program Files\dotnet\sdk\8.0.416\Sdks\Microsoft.NET.Sdk\targets\..\analyzers\Microsoft.CodeAnalysis.NetAnalyzers.dll" /analyzer:C:\Users\MarkYoung\.nuget\packages\microsoft.extensions.logging.abstractions\10.0.1\analyzers\dotnet\roslyn4.4\cs\Microsoft.Extensions.Logging.Generators.dll /analyzer:C:\Users\MarkYoung\.nuget\packages\xunit.analyzers\1.4.0\analyzers\dotnet\cs\xunit.analyzers.dll /analyzer:C:\Users\MarkYoung\.nuget\packages\xunit.analyzers\1.4.0\analyzers\dotnet\cs\xunit.analyzers.fixes.dll /analyzer:"C:\Program Files\dotnet\packs\Microsoft.NETCore.App.Ref\8.0.22\analyzers/dotnet/cs/Microsoft.Interop.ComInterfaceGenerator.dll" /analyzer:"C:\Program Files\dotnet\packs\Microsoft.NETCore.App.Ref\8.0.22\analyzers/dotnet/cs/Microsoft.Interop.JavaScript.JSImportGenerator.dll" /analyzer:"C:\Program Files\dotnet\packs\Microsoft.NETCore.App.Ref\8.0.22\analyzers/dotnet/cs/Microsoft.Interop.LibraryImportGenerator.dll" /analyzer:"C:\Program Files\dotnet\packs\Microsoft.NETCore.App.Ref\8.0.22\analyzers/dotnet/cs/Microsoft.Interop.SourceGeneration.dll" /analyzer:"C:\Program Files\dotnet\packs\Microsoft.NETCore.App.Ref\8.0.22\analyzers/dotnet/cs/System.Text.Json.SourceGeneration.dll" /analyzer:"C:\Program Files\dotnet\packs\Microsoft.NETCore.App.Ref\8.0.22\analyzers/dotnet/cs/System.Text.RegularExpressions.Generator.dll" DiscoverySmokeTest.cs WorkspaceOne\WorkspaceOneProfileService_CreateProfileTests.cs C:\Users\MarkYoung\.nuget\packages\microsoft.net.test.sdk\17.8.0\build\netcoreapp3.1\Microsoft.NET.Test.Sdk.Program.cs obj\Debug\net8.0\BBIHardwareSupport.MDM.Tests.GlobalUsings.g.cs "obj\Debug\net8.0\.NETCoreApp,Version=v8.0.AssemblyAttributes.cs" obj\Debug\net8.0\BBIHardwareSupport.MDM.Tests.AssemblyInfo.cs /warnaserror+:NU1605,SYSLIB0011
         CompilerServer: server - server processed compilation - BBIHardwareSupport.MDM.Tests (net8.0)
       _CopyFilesMarkedCopyLocal:
         Copying file from "C:\Users\MarkYoung\source\repos\BBI - MDM Workflow\BBIHardwareSupport.MDM.Core\bin\Debug\net8.0\BBIHardwareSupport.MDM.Core.pdb" to "C:\Users\MarkYoung\source\repos\BBI - MDM Workflow\tests\BBIHardwareSupport.MDM.Tests\bin\Debug\net8.0\BBIHardwareSupport.MDM.Core.pdb".
         Copying file from "C:\Users\MarkYoung\source\repos\BBI - MDM Workflow\BBIHardwareSupport.MDM.Core\bin\Debug\net8.0\BBIHardwareSupport.MDM.Core.dll" to "C:\Users\MarkYoung\source\repos\BBI - MDM Workflow\tests\BBIHardwareSupport.MDM.Tests\bin\Debug\net8.0\BBIHardwareSupport.MDM.Core.dll".
         Touching "C:\Users\MarkYoung\source\repos\BBI - MDM Workflow\tests\BBIHardwareSupport.MDM.Tests\obj\Debug\net8.0\BBIHardw.AC288470.Up2Date".
       _CopyOutOfDateSourceItemsToOutputDirectory:
       Skipping target "_CopyOutOfDateSourceItemsToOutputDirectory" because all output files are up-to-date with respect to the input files.
       CopyFilesToOutputDirectory:
         Copying file from "C:\Users\MarkYoung\source\repos\BBI - MDM Workflow\tests\BBIHardwareSupport.MDM.Tests\obj\Debug\net8.0\BBIHardwareSupport.MDM.Tests.dll" to "C:\Users\MarkYoung\source\repos\BBI - MDM Workflow\tests\BBIHardwareSupport.MDM.Tests\bin\Debug\net8.0\BBIHardwareSupport.MDM.Tests.dll".
         Copying reference assembly from "obj\Debug\net8.0\refint\BBIHardwareSupport.MDM.Tests.dll" to "C:\Users\MarkYoung\source\repos\BBI - MDM Workflow\tests\BBIHardwareSupport.MDM.Tests\obj\Debug\net8.0\ref\BBIHardwareSupport.MDM.Tests.dll".
         BBIHardwareSupport.MDM.Tests -> C:\Users\MarkYoung\source\repos\BBI - MDM Workflow\tests\BBIHardwareSupport.MDM.Tests\bin\Debug\net8.0\BBIHardwareSupport.MDM.Tests.dll
         Copying file from "C:\Users\MarkYoung\source\repos\BBI - MDM Workflow\tests\BBIHardwareSupport.MDM.Tests\obj\Debug\net8.0\BBIHardwareSupport.MDM.Tests.pdb" to "C:\Users\MarkYoung\source\repos\BBI - MDM Workflow\tests\BBIHardwareSupport.MDM.Tests\bin\Debug\net8.0\BBIHardwareSupport.MDM.Tests.pdb".
     1>Done Building Project "C:\Users\MarkYoung\source\repos\BBI - MDM Workflow\tests\BBIHardwareSupport.MDM.Tests\BBIHardwareSupport.MDM.Tests.csproj" (default targets).
     1>BuildProject:
         Build completed.
         
Test run for C:\Users\MarkYoung\source\repos\BBI - MDM Workflow\tests\BBIHardwareSupport.MDM.Tests\bin\Debug\net8.0\BBIHardwareSupport.MDM.Tests.dll (.NETCoreApp,Version=v8.0)
VSTest version 17.11.1 (x64)

Starting test execution, please wait...
A total of 1 test files matched the specified pattern.
[xUnit.net 00:00:00.00] xUnit.net VSTest Adapter v2.5.3.1+6b60a9e56a (64-bit .NET 8.0.22)
[xUnit.net 00:00:00.06]   Discovering: BBIHardwareSupport.MDM.Tests
[xUnit.net 00:00:00.09]   Discovered:  BBIHardwareSupport.MDM.Tests
[xUnit.net 00:00:00.10]   Starting:    BBIHardwareSupport.MDM.Tests
[xUnit.net 00:00:00.24]       System.FormatException : The format of value 'application/json;version=2' is invalid.
[xUnit.net 00:00:00.24]       Stack Trace:
[xUnit.net 00:00:00.24]            at System.Net.Http.Headers.MediaTypeHeaderValue.CheckMediaTypeFormat(String mediaType, String parameterName)
[xUnit.net 00:00:00.24]            at System.Net.Http.Headers.MediaTypeWithQualityHeaderValue..ctor(String mediaType)
[xUnit.net 00:00:00.24]         C:\Users\MarkYoung\source\repos\BBI - MDM Workflow\BBIHardwareSupport.MDM.Core\Services\WorkspaceOne\WorkspaceOneProfileService.cs(88,0): at BBIHardwareSupport.MDM.WorkspaceOne.Core.Services.WorkspaceOneProfileService.CreateProfileAsync(WorkspaceOneProfileCreateRequest request, CancellationToken ct)
[xUnit.net 00:00:00.24]         C:\Users\MarkYoung\source\repos\BBI - MDM Workflow\tests\BBIHardwareSupport.MDM.Tests\WorkspaceOne\WorkspaceOneProfileService_CreateProfileTests.cs(75,0): at BBIHardwareSupport.MDM.Tests.WorkspaceOne.WorkspaceOneProfileService_CreateProfileTests.CreateProfileAsync_posts_expected_request()
[xUnit.net 00:00:00.24]         --- End of stack trace from previous location ---
[xUnit.net 00:00:00.24]   Finished:    BBIHardwareSupport.MDM.Tests
  Passed BBIHardwareSupport.MDM.Tests.WorkspaceOne.WorkspaceOneProfileService_CreateProfileTests.CreateProfileAsync_throws_on_non_success_status [95 ms]
  Failed BBIHardwareSupport.MDM.Tests.WorkspaceOne.WorkspaceOneProfileService_CreateProfileTests.CreateProfileAsync_posts_expected_request [6 ms]
  Error Message:
   System.FormatException : The format of value 'application/json;version=2' is invalid.
  Stack Trace:
     at System.Net.Http.Headers.MediaTypeHeaderValue.CheckMediaTypeFormat(String mediaType, String parameterName)
   at System.Net.Http.Headers.MediaTypeWithQualityHeaderValue..ctor(String mediaType)
   at BBIHardwareSupport.MDM.WorkspaceOne.Core.Services.WorkspaceOneProfileService.CreateProfileAsync(WorkspaceOneProfileCreateRequest request, CancellationToken ct) in C:\Users\MarkYoung\source\repos\BBI - MDM Workflow\BBIHardwareSupport.MDM.Core\Services\WorkspaceOne\WorkspaceOneProfileService.cs:line 88
   at BBIHardwareSupport.MDM.Tests.WorkspaceOne.WorkspaceOneProfileService_CreateProfileTests.CreateProfileAsync_posts_expected_request() in C:\Users\MarkYoung\source\repos\BBI - MDM Workflow\tests\BBIHardwareSupport.MDM.Tests\WorkspaceOne\WorkspaceOneProfileService_CreateProfileTests.cs:line 75
--- End of stack trace from previous location ---

Total tests: 2
     Passed: 1
     Failed: 1
 Total time: 0.7150 Seconds
       _VSTestConsole:
         MSB4181: The "VSTestTask" task returned false but did not log an error.
     1>Done Building Project "C:\Users\MarkYoung\source\repos\BBI - MDM Workflow\tests\BBIHardwareSupport.MDM.Tests\BBIHardwareSupport.MDM.Tests.csproj" (VSTest target(s)) -- FAILED.

Build FAILED.
    0 Warning(s)
    0 Error(s)

Time Elapsed 00:00:04.22
